// Jest Snapshot v1, https://goo.gl/fbAQLP

exports[`kleeen list should return "GetListingDataResults" response if "mapToList" is called from a Full Table widget 1`] = `
Object {
  "data": Array [
    Object {
      "id": "1e9aa1aaxkd630001",
      "vehicle": Object {
        "displayValue": "1e9aa1aaxkd630001",
        "id": "1e9aa1aaxkd630001",
      },
      "vehicleBrand": Object {
        "displayValue": "ByD",
        "id": undefined,
      },
      "vehicleModel": Object {
        "displayValue": "S2",
        "id": undefined,
      },
    },
    Object {
      "id": "1e9aa1aaxkd630002",
      "vehicle": Object {
        "displayValue": "1e9aa1aaxkd630002",
        "id": "1e9aa1aaxkd630002",
      },
      "vehicleBrand": Object {
        "displayValue": "Canoo",
        "id": undefined,
      },
      "vehicleModel": Object {
        "displayValue": "Lifestyle Vehicle",
        "id": undefined,
      },
    },
    Object {
      "id": "1e9aa1aaxkd630003",
      "vehicle": Object {
        "displayValue": "1e9aa1aaxkd630003",
        "id": "1e9aa1aaxkd630003",
      },
      "vehicleBrand": Object {
        "displayValue": "Tesla",
        "id": undefined,
      },
      "vehicleModel": Object {
        "displayValue": "S",
        "id": undefined,
      },
    },
    Object {
      "id": "1e9aa1aaxkd630004",
      "vehicle": Object {
        "displayValue": "1e9aa1aaxkd630004",
        "id": "1e9aa1aaxkd630004",
      },
      "vehicleBrand": Object {
        "displayValue": "Toyota",
        "id": undefined,
      },
      "vehicleModel": Object {
        "displayValue": "Prius",
        "id": undefined,
      },
    },
  ],
  "format": Object {
    "vehicle": Object {
      "examples": Array [
        "Fleet Car 1",
        "Fleet Car 2",
        "Fleet Car 3",
        "Fleet Car 4",
        "Loaner Car",
        "Loaner Van",
        "Loaner Truck",
        "Service Van 1",
        "Service Van 2",
        "Delivery Van",
        "Delivery Truck",
        "Service Truck 1",
        "Service Truck 2",
        "Executive Car 1",
        "Executive Car 2",
        "Executive Car 3",
        "Sales Car 1",
        "Sales Car 2",
        "Sales Car 3",
      ],
    },
    "vehicleBrand": Object {
      "examples": Array [
        "Datsun",
        "Delorean",
        "Pontiac",
        "Plymouth",
        "Desoto",
        "Mercury",
        "Tucker",
        "Oldsmobile",
        "Studebaker",
        "Kaiser",
        "Saturn",
        "AMC",
        "Edsel",
        "Auburn",
        "Checker",
        "Dusenburg",
        "Fisker",
        "Hudson",
        "MGB",
        "Triumph",
      ],
    },
    "vehicleModel": Object {
      "examples": Array [
        "M1",
        "M2",
        "M3",
        "M5",
        "M4",
        "S1",
        "S2",
        "S3",
        "S4",
        "S5",
        "X1",
        "X2",
        "X3",
        "X4",
        "X5",
        "C1",
        "C2",
        "C3",
        "C4",
        "C5",
      ],
    },
  },
}
`;

exports[`kleeen list should return "GetListingDataResults" response if "mapToList" is called from a Full Table widget with Chips 1`] = `
Object {
  "data": Array [
    Object {
      "vehicleDtc": Array [
        Object {
          "displayValue": "Fan Interior Ambient Temperature Sensor Front Over Current - Circuit Current Above Threshold",
          "id": "B1006-19",
        },
        Object {
          "displayValue": "Side view Mirror Driver Under Voltage L/R - Circuit Voltage Below Threshold",
          "id": "B1033-16",
        },
        Object {
          "displayValue": "Hazard Light Switch Over Current - Circuit Current Above Threshold",
          "id": "B1028-19",
        },
      ],
      "vehicleEcu": Object {
        "displayValue": "BPCM",
        "id": undefined,
      },
      "vehicleSoftwareVersion": Object {
        "displayValue": "00.40.01",
        "id": undefined,
      },
    },
  ],
  "format": Object {
    "vehicleDtc": Object {
      "examples": Array [
        "Air Cleaning Module Overcurrent - Circuit Current Above Threshold",
        "Backlite Defrost Relay Fault - Signal Shape / Waveform Failure",
        "Cabin Heater (PTCHF) 12V Logic Over Voltage - Circuit Voltage Above Threshold",
        "Door Handle Rear Left 12V Supply Under Voltage - Circuit Voltage Below Threshold",
        "Ext Door Handle Power RR Undercurrent - Circuit Current Below Threshold",
        "External 12VA Out of Range - Circuit Voltage Out of Range",
      ],
    },
    "vehicleEcu": Object {
      "examples": Array [
        "RIDM",
        "BPCU",
        "FIDM",
        "RBCM",
        "FBCM",
        "DCAM",
        "DCBM",
        "OBCMD",
        "OBCMP",
      ],
    },
    "vehicleSoftwareVersion": Object {
      "examples": Array [
        "5.4.0",
        "5.4.1",
        "5.4.2",
        "5.5.0",
        "6.0.0",
      ],
    },
  },
}
`;

exports[`kleeen list should return "GetListingDataResults" response if "mapToList" is called from a Full Table widget with Severity Scores 1`] = `
Object {
  "data": Array [
    Object {
      "vehicle": Object {
        "displayValue": "1e9aa1aaxkd630008",
        "id": "1e9aa1aaxkd630008",
      },
      "vehicleStateOfCharge": Object {
        "displayMedia": null,
        "displayValue": "11.5",
        "id": undefined,
      },
      "vehicleTimeOfLastCharge": Object {
        "displayValue": "1643917172",
        "id": undefined,
      },
    },
    Object {
      "vehicle": Object {
        "displayValue": "1e9aa1aaxkd630008",
        "id": "1e9aa1aaxkd630008",
      },
      "vehicleStateOfCharge": Object {
        "displayMedia": null,
        "displayValue": "44.5",
        "id": undefined,
      },
      "vehicleTimeOfLastCharge": Object {
        "displayValue": "1643917174",
        "id": undefined,
      },
    },
    Object {
      "vehicle": Object {
        "displayValue": "1e9aa1aaxkd630008",
        "id": "1e9aa1aaxkd630008",
      },
      "vehicleStateOfCharge": Object {
        "displayMedia": null,
        "displayValue": "67.5",
        "id": undefined,
      },
      "vehicleTimeOfLastCharge": Object {
        "displayValue": "1643917175",
        "id": undefined,
      },
    },
    Object {
      "vehicle": Object {
        "displayValue": "1e9aa1aaxkd630008",
        "id": "1e9aa1aaxkd630008",
      },
      "vehicleStateOfCharge": Object {
        "displayMedia": null,
        "displayValue": "93.5",
        "id": undefined,
      },
      "vehicleTimeOfLastCharge": Object {
        "displayValue": "1643917176",
        "id": undefined,
      },
    },
  ],
  "format": Object {
    "vehicle": Object {
      "examples": Array [
        "Fleet Car 1",
        "Fleet Car 2",
        "Fleet Car 3",
        "Fleet Car 4",
        "Loaner Car",
        "Loaner Van",
        "Loaner Truck",
        "Service Van 1",
        "Service Van 2",
        "Delivery Van",
        "Delivery Truck",
        "Service Truck 1",
        "Service Truck 2",
        "Executive Car 1",
        "Executive Car 2",
        "Executive Car 3",
        "Sales Car 1",
        "Sales Car 2",
        "Sales Car 3",
      ],
    },
    "vehicleStateOfCharge": Object {
      "max": 100,
      "min": 0,
      "severityBad": 0,
      "severityGood": 100,
      "severityLevels": 5,
    },
    "vehicleTimeOfLastCharge": Object {
      "examples": Array [
        "02/23/2022, 4:28:57 PM",
        "05/23/2022, 4:28:57 PM",
      ],
    },
  },
}
`;
